2026-07-12 00:03:14,653 - ERROR - ⚠️ خطا در پردازش ETH/USDT: name 'send_beautiful_email' is not defined
2026-07-12 00:03:16,153 - ERROR - ⚠️ خطا در پردازش SOL/USDT: name 'send_beautiful_email' is not defined
2026-07-12 00:03:17,726 - ERROR - ⚠️ خطا در پردازش AVAX/USDT: name 'send_beautiful_email' is not defined
2026-07-12 00:03:19,267 - ERROR - ⚠️ خطا در پردازش NEAR/USDT: name 'send_beautiful_email' is not defined
2026-07-12 00:03:21,939 - ERROR - ⚠️ خطا در پردازش TRX/USDT: name 'send_beautiful_email' is not defined
2026-07-12 00:03:23,476 - ERROR - ⚠️ خطا در پردازش XRP/USDT: name 'send_beautiful_email' is not defined
2026-07-12 00:03:25,065 - ERROR - ⚠️ خطا در پردازش ADA/USDT: name 'send_beautiful_email' is not defined
2026-07-12 00:03:26,474 - ERROR - ⚠️ خطا در پردازش DOGE/USDT: name 'send_beautiful_email' is not defined
2026-07-12 00:03:27,685 - ERROR - ⚠️ خطا در پردازش LINK/USDT: name 'send_beautiful_email' is not defined
2026-07-12 00:03:29,059 - ERROR - ⚠️ خطا در پردازش UNI/USDT: name 'send_beautiful_email' is not defined
2026-07-12 00:03:30,134 - ERROR - ⚠️ خطا در پردازش LTC/USDT: name 'send_beautiful_email' is not defined
2026-07-12 00:03:31,562 - ERROR - ⚠️ خطا در پردازش BCH/USDT: name 'send_beautiful_email' is not defined
2026-07-12 00:03:33,203 - ERROR - ⚠️ خطا در پردازش POL/USDT: name 'send_beautiful_email' is not defined
2026-07-12 00:03:35,147 - ERROR - ⚠️ خطا در پردازش ALGO/USDT: name 'send_beautiful_email' is not defined
2026-07-12 00:03:37,358 - ERROR - ⚠️ خطا در پردازش XLM/USDT: name 'send_beautiful_email' is not defined
2026-07-12 00:03:41,610 - ERROR - ⚠️ خطا در پردازش ANKR/USDT: name 'send_beautiful_email' is not defined
2026-07-12 00:03:47,726 - ERROR - ⚠️ خطا در پردازش RENDER/USDT: name 'send_beautiful_email' is not defined
2026-07-12 00:03:54,532 - ERROR - ⚠️ خطا در پردازش ONE/USDT: name 'send_beautiful_email' is not defined
2026-07-12 00:03:56,712 - ERROR - ⚠️ خطا در پردازش BICO/USDT: name 'send_beautiful_email' is not defined
2026-07-12 00:08:56,714 - INFO - 🔄 در حال به‌روزرسانی اطلاعات عمومی از نوبیتکس (قیمت تتر و موجودی)...
2026-07-12 00:08:57,426 - INFO - 📊 کارنامه عملکرد مالی | موجودی فعلی: 20,934 تومان | حداکثر افت حساب: 0.00%
2026-07-12 00:08:59,770 - ERROR - ⚠️ خطا در پردازش ETH/USDT: name 'send_beautiful_email' is not defined
2026-07-12 00:09:00,908 - ERROR - ⚠️ خطا در پردازش SOL/USDT: name 'send_beautiful_email' is not defined
2026-07-12 00:09:02,078 - ERROR - ⚠️ خطا در پردازش AVAX/USDT: name 'send_beautiful_email' is not defined
2026-07-12 00:09:03,709 - ERROR - ⚠️ خطا در پردازش NEAR/USDT: name 'send_beautiful_email' is not defined
2026-07-12 00:09:07,173 - ERROR - ⚠️ خطا در پردازش TRX/USDT: name 'send_beautiful_email' is not defined
2026-07-12 00:09:08,476 - ERROR - ⚠️ خطا در پردازش XRP/USDT: name 'send_beautiful_email' is not defined
2026-07-12 00:09:09,870 - ERROR - ⚠️ خطا در پردازش ADA/USDT: name 'send_beautiful_email' is not defined
2026-07-12 00:09:11,505 - ERROR - ⚠️ خطا در پردازش DOGE/USDT: name 'send_beautiful_email' is not defined
2026-07-12 00:09:12,594 - ERROR - ⚠️ خطا در پردازش LINK/USDT: name 'send_beautiful_email' is not defined
2026-07-12 00:09:14,283 - ERROR - ⚠️ خطا در پردازش UNI/USDT: name 'send_beautiful_email' is not defined
2026-07-12 00:09:16,182 - ERROR - ⚠️ خطا در پردازش LTC/USDT: name 'send_beautiful_email' is not defined
2026-07-12 00:09:17,318 - ERROR - ⚠️ خطا در پردازش BCH/USDT: name 'send_beautiful_email' is not defined
2026-07-12 00:09:19,258 - ERROR - ⚠️ خطا در پردازش POL/USDT: name 'send_beautiful_email' is not defined
2026-07-12 00:09:20,583 - ERROR - ⚠️ خطا در پردازش ALGO/USDT: name 'send_beautiful_email' is not defined
2026-07-12 00:09:23,097 - ERROR - ⚠️ خطا در پردازش XLM/USDT: name 'send_beautiful_email' is not defined
2026-07-12 00:09:27,441 - ERROR - ⚠️ خطا در پردازش ANKR/USDT: name 'send_beautiful_email' is not defined
2026-07-12 00:09:34,072 - ERROR - ⚠️ خطا در پردازش RENDER/USDT: name 'send_beautiful_email' is not defined
2026-07-12 00:09:44,338 - ERROR - ⚠️ خطا در پردازش ONE/USDT: name 'send_beautiful_email' is not defined
2026-07-12 00:09:47,166 - ERROR - ⚠️ خطا در پردازش BICO/USDT: name 'send_beautiful_email' is not defined
2026-07-12 00:14:50,781 - ERROR - ⚠️ خطا در پردازش ETH/USDT: name 'send_beautiful_email' is not defined
2026-07-12 00:14:53,249 - ERROR - ⚠️ خطا در پردازش SOL/USDT: name 'send_beautiful_email' is not defined
2026-07-12 00:14:55,468 - ERROR - ⚠️ خطا در پردازش AVAX/USDT: name 'send_beautiful_email' is not defined
2026-07-12 00:14:56,908 - ERROR - ⚠️ خطا در پردازش NEAR/USDT: name 'send_beautiful_email' is not defined
2026-07-12 00:15:00,741 - ERROR - ⚠️ خطا در پردازش TRX/USDT: name 'send_beautiful_email' is not defined
2026-07-12 00:15:16,159 - ERROR - ⚠️ خطا در پردازش XRP/USDT: name 'send_beautiful_email' is not defined
2026-07-12 00:15:17,633 - ERROR - ⚠️ خطا در پردازش ADA/USDT: name 'send_beautiful_email' is not defined
2026-07-12 00:15:18,897 - ERROR - ⚠️ خطا در پردازش DOGE/USDT: name 'send_beautiful_email' is not defined
2026-07-12 00:15:20,904 - ERROR - ⚠️ خطا در پردازش LINK/USDT: name 'send_beautiful_email' is not defined
2026-07-12 00:15:22,379 - ERROR - ⚠️ خطا در پردازش UNI/USDT: name 'send_beautiful_email' is not defined
2026-07-12 00:15:23,534 - ERROR - ⚠️ خطا در پردازش LTC/USDT: name 'send_beautiful_email' is not defined
2026-07-12 00:15:25,048 - ERROR - ⚠️ خطا در پردازش BCH/USDT: name 'send_beautiful_email' is not defined
2026-07-12 00:15:28,196 - ERROR - ⚠️ خطا در پردازش POL/USDT: name 'send_beautiful_email' is not defined
2026-07-12 00:15:29,641 - ERROR - ⚠️ خطا در پردازش ALGO/USDT: name 'send_beautiful_email' is not defined
2026-07-12 00:15:31,127 - ERROR - ⚠️ خطا در پردازش XLM/USDT: name 'send_beautiful_email' is not defined
2026-07-12 00:15:35,543 - ERROR - ⚠️ خطا در پردازش ANKR/USDT: name 'send_beautiful_email' is not defined
2026-07-12 00:15:41,298 - ERROR - ⚠️ خطا در پردازش RENDER/USDT: name 'send_beautiful_email' is not defined
2026-07-12 00:15:46,039 - ERROR - ⚠️ خطا در پردازش ONE/USDT: name 'send_beautiful_email' is not defined
2026-07-12 00:15:47,470 - ERROR - ⚠️ خطا در پردازش BICO/USDT: name 'send_beautiful_email' is not defined
2026-07-12 00:20:47,471 - INFO - 🔄 در حال به‌روزرسانی اطلاعات عمومی از نوبیتکس (قیمت تتر و موجودی)...
2026-07-12 00:20:48,372 - INFO - 📊 کارنامه عملکرد مالی | موجودی فعلی: 20,934 تومان | حداکثر افت حساب: 0.00%
2026-07-12 00:20:50,672 - ERROR - ⚠️ خطا در پردازش ETH/USDT: name 'send_beautiful_email' is not defined
2026-07-12 00:20:51,734 - ERROR - ⚠️ خطا در پردازش SOL/USDT: name 'send_beautiful_email' is not defined
2026-07-12 00:20:52,790 - ERROR - ⚠️ خطا در پردازش AVAX/USDT: name 'send_beautiful_email' is not defined
2026-07-12 00:20:54,170 - ERROR - ⚠️ خطا در پردازش NEAR/USDT: name 'send_beautiful_email' is not defined
2026-07-12 00:20:56,354 - ERROR - ⚠️ خطا در پردازش TRX/USDT: name 'send_beautiful_email' is not defined
2026-07-12 00:20:57,587 - ERROR - ⚠️ خطا در پردازش XRP/USDT: name 'send_beautiful_email' is not defined
2026-07-12 00:20:58,876 - ERROR - ⚠️ خطا در پردازش ADA/USDT: name 'send_beautiful_email' is not defined
2026-07-12 00:21:00,130 - ERROR - ⚠️ خطا در پردازش DOGE/USDT: name 'send_beautiful_email' is not defined
2026-07-12 00:21:01,268 - ERROR - ⚠️ خطا در پردازش LINK/USDT: name 'send_beautiful_email' is not defined
2026-07-12 00:21:02,519 - ERROR - ⚠️ خطا در پردازش UNI/USDT: name 'send_beautiful_email' is not defined
2026-07-12 00:21:03,797 - ERROR - ⚠️ خطا در پردازش LTC/USDT: name 'send_beautiful_email' is not defined
2026-07-12 00:21:04,876 - ERROR - ⚠️ خطا در پردازش BCH/USDT: name 'send_beautiful_email' is not defined
2026-07-12 00:21:06,323 - ERROR - ⚠️ خطا در پردازش POL/USDT: name 'send_beautiful_email' is not defined
2026-07-12 00:21:07,475 - ERROR - ⚠️ خطا در پردازش ALGO/USDT: name 'send_beautiful_email' is not defined
2026-07-12 00:21:08,886 - ERROR - ⚠️ خطا در پردازش XLM/USDT: name 'send_beautiful_email' is not defined
2026-07-12 00:21:12,622 - ERROR - ⚠️ خطا در پردازش ANKR/USDT: name 'send_beautiful_email' is not defined
2026-07-12 00:21:17,792 - ERROR - ⚠️ خطا در پردازش RENDER/USDT: name 'send_beautiful_email' is not defined
2026-07-12 00:21:22,359 - ERROR - ⚠️ خطا در پردازش ONE/USDT: name 'send_beautiful_email' is not defined
2026-07-12 00:21:23,723 - ERROR - ⚠️ خطا در پردازش BICO/USDT: name 'send_beautiful_email' is not defined
2026-07-12 00:26:26,167 - ERROR - ⚠️ خطا در پردازش ETH/USDT: name 'send_beautiful_email' is not defined
2026-07-12 00:26:27,492 - ERROR - ⚠️ خطا در پردازش SOL/USDT: name 'send_beautiful_email' is not defined
2026-07-12 00:26:28,617 - ERROR - ⚠️ خطا در پردازش AVAX/USDT: name 'send_beautiful_email' is not defined
2026-07-12 00:26:29,719 - ERROR - ⚠️ خطا در پردازش NEAR/USDT: name 'send_beautiful_email' is not defined
2026-07-12 00:26:32,468 - ERROR - ⚠️ خطا در پردازش TRX/USDT: name 'send_beautiful_email' is not defined
2026-07-12 00:26:33,674 - ERROR - ⚠️ خطا در پردازش XRP/USDT: name 'send_beautiful_email' is not defined
2026-07-12 00:26:34,783 - ERROR - ⚠️ خطا در پردازش ADA/USDT: name 'send_beautiful_email' is not defined
2026-07-12 00:26:35,964 - ERROR - ⚠️ خطا در پردازش DOGE/USDT: name 'send_beautiful_email' is not defined
2026-07-12 00:26:37,238 - ERROR - ⚠️ خطا در پردازش LINK/USDT: name 'send_beautiful_email' is not defined
2026-07-12 00:26:38,471 - ERROR - ⚠️ خطا در پردازش UNI/USDT: name 'send_beautiful_email' is not defined
2026-07-12 00:26:39,936 - ERROR - ⚠️ خطا در پردازش LTC/USDT: name 'send_beautiful_email' is not defined
2026-07-12 00:26:41,467 - ERROR - ⚠️ خطا در پردازش BCH/USDT: name 'send_beautiful_email' is not defined
2026-07-12 00:26:44,095 - ERROR - ⚠️ خطا در پردازش POL/USDT: name 'send_beautiful_email' is not defined
2026-07-12 00:26:45,468 - ERROR - ⚠️ خطا در پردازش ALGO/USDT: name 'send_beautiful_email' is not defined
2026-07-12 00:26:46,610 - ERROR - ⚠️ خطا در پردازش XLM/USDT: name 'send_beautiful_email' is not defined
2026-07-12 00:26:50,646 - ERROR - ⚠️ خطا در پردازش ANKR/USDT: name 'send_beautiful_email' is not defined
2026-07-12 00:26:56,094 - ERROR - ⚠️ خطا در پردازش RENDER/USDT: name 'send_beautiful_email' is not defined
2026-07-12 00:27:02,654 - ERROR - ⚠️ خطا در پردازش ONE/USDT: name 'send_beautiful_email' is not defined
2026-07-12 00:27:04,802 - ERROR - ⚠️ خطا در پردازش BICO/USDT: name 'send_beautiful_email' is not defined
2026-07-12 00:30:47,715 - INFO - 🔥 ربات نوسان‌گیری با استراتژی کندل ۱ ساعته (1h) فعال شد...
2026-07-12 00:30:50,219 - INFO - 🔄 در حال به‌روزرسانی اطلاعات عمومی از نوبیتکس (قیمت تتر و موجودی)...
2026-07-12 00:30:50,966 - INFO - 📊 کارنامه عملکرد مالی | موجودی فعلی: 20,934 تومان | حداکثر افت حساب: 0.00%
2026-07-12 00:30:52,996 - ERROR - ⚠️ خطا در پردازش ETH/USDT: name 'send_beautiful_email' is not defined
2026-07-12 00:30:54,547 - ERROR - ⚠️ خطا در پردازش SOL/USDT: name 'send_beautiful_email' is not defined
2026-07-12 00:30:56,057 - ERROR - ⚠️ خطا در پردازش AVAX/USDT: name 'send_beautiful_email' is not defined
2026-07-12 00:30:57,265 - ERROR - ⚠️ خطا در پردازش NEAR/USDT: name 'send_beautiful_email' is not defined
2026-07-12 00:30:59,752 - ERROR - ⚠️ خطا در پردازش TRX/USDT: name 'send_beautiful_email' is not defined
2026-07-12 00:31:00,949 - ERROR - ⚠️ خطا در پردازش XRP/USDT: name 'send_beautiful_email' is not defined
2026-07-12 00:31:02,553 - ERROR - ⚠️ خطا در پردازش ADA/USDT: name 'send_beautiful_email' is not defined
2026-07-12 00:31:03,982 - ERROR - ⚠️ خطا در پردازش DOGE/USDT: name 'send_beautiful_email' is not defined
2026-07-12 00:31:05,140 - ERROR - ⚠️ خطا در پردازش LINK/USDT: name 'send_beautiful_email' is not defined
2026-07-12 00:31:06,590 - ERROR - ⚠️ خطا در پردازش UNI/USDT: name 'send_beautiful_email' is not defined
2026-07-12 00:31:07,963 - ERROR - ⚠️ خطا در پردازش LTC/USDT: name 'send_beautiful_email' is not defined
2026-07-12 00:31:09,247 - ERROR - ⚠️ خطا در پردازش BCH/USDT: name 'send_beautiful_email' is not defined
2026-07-12 00:31:11,912 - ERROR - ⚠️ خطا در پردازش POL/USDT: name 'send_beautiful_email' is not defined
2026-07-12 00:31:13,384 - ERROR - ⚠️ خطا در پردازش ALGO/USDT: name 'send_beautiful_email' is not defined
2026-07-12 00:31:14,484 - ERROR - ⚠️ خطا در پردازش XLM/USDT: name 'send_beautiful_email' is not defined
2026-07-12 00:31:17,704 - ERROR - ⚠️ خطا در پردازش GRT/USDT: name 'send_beautiful_email' is not defined
2026-07-12 00:31:21,657 - ERROR - ⚠️ خطا در پردازش ANKR/USDT: name 'send_beautiful_email' is not defined
2026-07-12 00:31:29,661 - ERROR - ⚠️ خطا در پردازش RENDER/USDT: name 'send_beautiful_email' is not defined
2026-07-12 00:31:30,894 - ERROR - ⚠️ خطا در پردازش APE/USDT: name 'send_beautiful_email' is not defined
2026-07-12 00:31:33,356 - ERROR - ⚠️ خطا در پردازش BASED/USDT: name 'send_beautiful_email' is not defined
2026-07-12 00:31:34,501 - ERROR - ⚠️ خطا در پردازش ONE/USDT: name 'send_beautiful_email' is not defined
2026-07-12 00:31:36,956 - ERROR - ⚠️ خطا در پردازش BICO/USDT: name 'send_beautiful_email' is not defined
2026-07-12 00:36:48,158 - ERROR - ⚠️ خطا در پردازش BTC/USDT: HTTPSConnectionPool(host='apiv2.nobitex.ir', port=443): Max retries exceeded with url: /market/udf/history?symbol=BTCUSDT&resolution=60&from=1782723996&to=1783803996 (Caused by NameResolutionError("HTTPSConnection(host='apiv2.nobitex.ir', port=443): Failed to resolve 'apiv2.nobitex.ir' ([Errno 11001] getaddrinfo failed)"))
2026-07-12 00:36:53,177 - ERROR - ⚠️ خطا در پردازش ETH/USDT: HTTPSConnectionPool(host='apiv2.nobitex.ir', port=443): Max retries exceeded with url: /market/udf/history?symbol=ETHUSDT&resolution=60&from=1782724008&to=1783804008 (Caused by NameResolutionError("HTTPSConnection(host='apiv2.nobitex.ir', port=443): Failed to resolve 'apiv2.nobitex.ir' ([Errno 11001] getaddrinfo failed)"))
2026-07-12 00:37:04,381 - ERROR - ⚠️ خطا در پردازش SOL/USDT: HTTPSConnectionPool(host='apiv2.nobitex.ir', port=443): Max retries exceeded with url: /market/udf/history?symbol=SOLUSDT&resolution=60&from=1782724013&to=1783804013 (Caused by NameResolutionError("HTTPSConnection(host='apiv2.nobitex.ir', port=443): Failed to resolve 'apiv2.nobitex.ir' ([Errno 11001] getaddrinfo failed)"))
2026-07-12 00:37:04,383 - ERROR - ⚠️ خطا در پردازش AVAX/USDT: HTTPSConnectionPool(host='apiv2.nobitex.ir', port=443): Max retries exceeded with url: /market/udf/history?symbol=AVAXUSDT&resolution=60&from=1782724024&to=1783804024 (Caused by NameResolutionError("HTTPSConnection(host='apiv2.nobitex.ir', port=443): Failed to resolve 'apiv2.nobitex.ir' ([Errno 11001] getaddrinfo failed)"))
2026-07-12 00:37:04,383 - ERROR - ⚠️ خطا در پردازش NEAR/USDT: HTTPSConnectionPool(host='apiv2.nobitex.ir', port=443): Max retries exceeded with url: /market/udf/history?symbol=NEARUSDT&resolution=60&from=1782724024&to=1783804024 (Caused by NameResolutionError("HTTPSConnection(host='apiv2.nobitex.ir', port=443): Failed to resolve 'apiv2.nobitex.ir' ([Errno 11001] getaddrinfo failed)"))
2026-07-12 00:37:04,384 - ERROR - ⚠️ خطا در پردازش SUI/USDT: HTTPSConnectionPool(host='apiv2.nobitex.ir', port=443): Max retries exceeded with url: /market/udf/history?symbol=SUIUSDT&resolution=60&from=1782724024&to=1783804024 (Caused by NameResolutionError("HTTPSConnection(host='apiv2.nobitex.ir', port=443): Failed to resolve 'apiv2.nobitex.ir' ([Errno 11001] getaddrinfo failed)"))
2026-07-12 00:37:04,385 - ERROR - ⚠️ خطا در پردازش TRX/USDT: HTTPSConnectionPool(host='apiv2.nobitex.ir', port=443): Max retries exceeded with url: /market/udf/history?symbol=TRXUSDT&resolution=60&from=1782724024&to=1783804024 (Caused by NameResolutionError("HTTPSConnection(host='apiv2.nobitex.ir', port=443): Failed to resolve 'apiv2.nobitex.ir' ([Errno 11001] getaddrinfo failed)"))
2026-07-12 00:37:04,385 - ERROR - ⚠️ خطا در پردازش XRP/USDT: HTTPSConnectionPool(host='apiv2.nobitex.ir', port=443): Max retries exceeded with url: /market/udf/history?symbol=XRPUSDT&resolution=60&from=1782724024&to=1783804024 (Caused by NameResolutionError("HTTPSConnection(host='apiv2.nobitex.ir', port=443): Failed to resolve 'apiv2.nobitex.ir' ([Errno 11001] getaddrinfo failed)"))
2026-07-12 00:37:04,386 - ERROR - ⚠️ خطا در پردازش ADA/USDT: HTTPSConnectionPool(host='apiv2.nobitex.ir', port=443): Max retries exceeded with url: /market/udf/history?symbol=ADAUSDT&resolution=60&from=1782724024&to=1783804024 (Caused by NameResolutionError("HTTPSConnection(host='apiv2.nobitex.ir', port=443): Failed to resolve 'apiv2.nobitex.ir' ([Errno 11001] getaddrinfo failed)"))
2026-07-12 00:37:04,387 - ERROR - ⚠️ خطا در پردازش DOGE/USDT: HTTPSConnectionPool(host='apiv2.nobitex.ir', port=443): Max retries exceeded with url: /market/udf/history?symbol=DOGEUSDT&resolution=60&from=1782724024&to=1783804024 (Caused by NameResolutionError("HTTPSConnection(host='apiv2.nobitex.ir', port=443): Failed to resolve 'apiv2.nobitex.ir' ([Errno 11001] getaddrinfo failed)"))
2026-07-12 00:37:04,387 - ERROR - ⚠️ خطا در پردازش LINK/USDT: HTTPSConnectionPool(host='apiv2.nobitex.ir', port=443): Max retries exceeded with url: /market/udf/history?symbol=LINKUSDT&resolution=60&from=1782724024&to=1783804024 (Caused by NameResolutionError("HTTPSConnection(host='apiv2.nobitex.ir', port=443): Failed to resolve 'apiv2.nobitex.ir' ([Errno 11001] getaddrinfo failed)"))
2026-07-12 00:37:04,388 - ERROR - ⚠️ خطا در پردازش UNI/USDT: HTTPSConnectionPool(host='apiv2.nobitex.ir', port=443): Max retries exceeded with url: /market/udf/history?symbol=UNIUSDT&resolution=60&from=1782724024&to=1783804024 (Caused by NameResolutionError("HTTPSConnection(host='apiv2.nobitex.ir', port=443): Failed to resolve 'apiv2.nobitex.ir' ([Errno 11001] getaddrinfo failed)"))
2026-07-12 00:37:04,388 - ERROR - ⚠️ خطا در پردازش LTC/USDT: HTTPSConnectionPool(host='apiv2.nobitex.ir', port=443): Max retries exceeded with url: /market/udf/history?symbol=LTCUSDT&resolution=60&from=1782724024&to=1783804024 (Caused by NameResolutionError("HTTPSConnection(host='apiv2.nobitex.ir', port=443): Failed to resolve 'apiv2.nobitex.ir' ([Errno 11001] getaddrinfo failed)"))
2026-07-12 00:37:04,389 - ERROR - ⚠️ خطا در پردازش BCH/USDT: HTTPSConnectionPool(host='apiv2.nobitex.ir', port=443): Max retries exceeded with url: /market/udf/history?symbol=BCHUSDT&resolution=60&from=1782724024&to=1783804024 (Caused by NameResolutionError("HTTPSConnection(host='apiv2.nobitex.ir', port=443): Failed to resolve 'apiv2.nobitex.ir' ([Errno 11001] getaddrinfo failed)"))
2026-07-12 00:37:04,390 - ERROR - ⚠️ خطا در پردازش TON/USDT: HTTPSConnectionPool(host='apiv2.nobitex.ir', port=443): Max retries exceeded with url: /market/udf/history?symbol=TONUSDT&resolution=60&from=1782724024&to=1783804024 (Caused by NameResolutionError("HTTPSConnection(host='apiv2.nobitex.ir', port=443): Failed to resolve 'apiv2.nobitex.ir' ([Errno 11001] getaddrinfo failed)"))
2026-07-12 00:37:04,390 - ERROR - ⚠️ خطا در پردازش POL/USDT: HTTPSConnectionPool(host='apiv2.nobitex.ir', port=443): Max retries exceeded with url: /market/udf/history?symbol=POLUSDT&resolution=60&from=1782724024&to=1783804024 (Caused by NameResolutionError("HTTPSConnection(host='apiv2.nobitex.ir', port=443): Failed to resolve 'apiv2.nobitex.ir' ([Errno 11001] getaddrinfo failed)"))
2026-07-12 00:37:04,391 - ERROR - ⚠️ خطا در پردازش ALGO/USDT: HTTPSConnectionPool(host='apiv2.nobitex.ir', port=443): Max retries exceeded with url: /market/udf/history?symbol=ALGOUSDT&resolution=60&from=1782724024&to=1783804024 (Caused by NameResolutionError("HTTPSConnection(host='apiv2.nobitex.ir', port=443): Failed to resolve 'apiv2.nobitex.ir' ([Errno 11001] getaddrinfo failed)"))
2026-07-12 00:37:04,392 - ERROR - ⚠️ خطا در پردازش XLM/USDT: HTTPSConnectionPool(host='apiv2.nobitex.ir', port=443): Max retries exceeded with url: /market/udf/history?symbol=XLMUSDT&resolution=60&from=1782724024&to=1783804024 (Caused by NameResolutionError("HTTPSConnection(host='apiv2.nobitex.ir', port=443): Failed to resolve 'apiv2.nobitex.ir' ([Errno 11001] getaddrinfo failed)"))
2026-07-12 00:37:04,392 - ERROR - ⚠️ خطا در پردازش HBAR/USDT: HTTPSConnectionPool(host='apiv2.nobitex.ir', port=443): Max retries exceeded with url: /market/udf/history?symbol=HBARUSDT&resolution=60&from=1782724024&to=1783804024 (Caused by NameResolutionError("HTTPSConnection(host='apiv2.nobitex.ir', port=443): Failed to resolve 'apiv2.nobitex.ir' ([Errno 11001] getaddrinfo failed)"))
2026-07-12 00:37:04,393 - ERROR - ⚠️ خطا در پردازش VET/USDT: HTTPSConnectionPool(host='apiv2.nobitex.ir', port=443): Max retries exceeded with url: /market/udf/history?symbol=VETUSDT&resolution=60&from=1782724024&to=1783804024 (Caused by NameResolutionError("HTTPSConnection(host='apiv2.nobitex.ir', port=443): Failed to resolve 'apiv2.nobitex.ir' ([Errno 11001] getaddrinfo failed)"))
2026-07-12 00:37:04,394 - ERROR - ⚠️ خطا در پردازش GRT/USDT: HTTPSConnectionPool(host='apiv2.nobitex.ir', port=443): Max retries exceeded with url: /market/udf/history?symbol=GRTUSDT&resolution=60&from=1782724024&to=1783804024 (Caused by NameResolutionError("HTTPSConnection(host='apiv2.nobitex.ir', port=443): Failed to resolve 'apiv2.nobitex.ir' ([Errno 11001] getaddrinfo failed)"))
2026-07-12 00:37:04,394 - ERROR - ⚠️ خطا در پردازش STX/USDT: HTTPSConnectionPool(host='apiv2.nobitex.ir', port=443): Max retries exceeded with url: /market/udf/history?symbol=STXUSDT&resolution=60&from=1782724024&to=1783804024 (Caused by NameResolutionError("HTTPSConnection(host='apiv2.nobitex.ir', port=443): Failed to resolve 'apiv2.nobitex.ir' ([Errno 11001] getaddrinfo failed)"))
2026-07-12 00:37:04,395 - ERROR - ⚠️ خطا در پردازش ANKR/USDT: HTTPSConnectionPool(host='apiv2.nobitex.ir', port=443): Max retries exceeded with url: /market/udf/history?symbol=ANKRUSDT&resolution=60&from=1782724024&to=1783804024 (Caused by NameResolutionError("HTTPSConnection(host='apiv2.nobitex.ir', port=443): Failed to resolve 'apiv2.nobitex.ir' ([Errno 11001] getaddrinfo failed)"))
2026-07-12 00:37:04,396 - ERROR - ⚠️ خطا در پردازش HMSTR/USDT: HTTPSConnectionPool(host='apiv2.nobitex.ir', port=443): Max retries exceeded with url: /market/udf/history?symbol=HMSTRUSDT&resolution=60&from=1782724024&to=1783804024 (Caused by NameResolutionError("HTTPSConnection(host='apiv2.nobitex.ir', port=443): Failed to resolve 'apiv2.nobitex.ir' ([Errno 11001] getaddrinfo failed)"))
2026-07-12 00:37:04,396 - ERROR - ⚠️ خطا در پردازش DOGS/USDT: HTTPSConnectionPool(host='apiv2.nobitex.ir', port=443): Max retries exceeded with url: /market/udf/history?symbol=DOGSUSDT&resolution=60&from=1782724024&to=1783804024 (Caused by NameResolutionError("HTTPSConnection(host='apiv2.nobitex.ir', port=443): Failed to resolve 'apiv2.nobitex.ir' ([Errno 11001] getaddrinfo failed)"))
2026-07-12 00:37:04,397 - ERROR - ⚠️ خطا در پردازش TNSR/USDT: HTTPSConnectionPool(host='apiv2.nobitex.ir', port=443): Max retries exceeded with url: /market/udf/history?symbol=TNSRUSDT&resolution=60&from=1782724024&to=1783804024 (Caused by NameResolutionError("HTTPSConnection(host='apiv2.nobitex.ir', port=443): Failed to resolve 'apiv2.nobitex.ir' ([Errno 11001] getaddrinfo failed)"))
2026-07-12 00:37:04,398 - ERROR - ⚠️ خطا در پردازش 2Z/USDT: HTTPSConnectionPool(host='apiv2.nobitex.ir', port=443): Max retries exceeded with url: /market/udf/history?symbol=2ZUSDT&resolution=60&from=1782724024&to=1783804024 (Caused by NameResolutionError("HTTPSConnection(host='apiv2.nobitex.ir', port=443): Failed to resolve 'apiv2.nobitex.ir' ([Errno 11001] getaddrinfo failed)"))
2026-07-12 00:37:04,398 - ERROR - ⚠️ خطا در پردازش RENDER/USDT: HTTPSConnectionPool(host='apiv2.nobitex.ir', port=443): Max retries exceeded with url: /market/udf/history?symbol=RENDERUSDT&resolution=60&from=1782724024&to=1783804024 (Caused by NameResolutionError("HTTPSConnection(host='apiv2.nobitex.ir', port=443): Failed to resolve 'apiv2.nobitex.ir' ([Errno 11001] getaddrinfo failed)"))
2026-07-12 00:37:04,399 - ERROR - ⚠️ خطا در پردازش APE/USDT: HTTPSConnectionPool(host='apiv2.nobitex.ir', port=443): Max retries exceeded with url: /market/udf/history?symbol=APEUSDT&resolution=60&from=1782724024&to=1783804024 (Caused by NameResolutionError("HTTPSConnection(host='apiv2.nobitex.ir', port=443): Failed to resolve 'apiv2.nobitex.ir' ([Errno 11001] getaddrinfo failed)"))
2026-07-12 00:37:04,400 - ERROR - ⚠️ خطا در پردازش DYDX/USDT: HTTPSConnectionPool(host='apiv2.nobitex.ir', port=443): Max retries exceeded with url: /market/udf/history?symbol=DYDXUSDT&resolution=60&from=1782724024&to=1783804024 (Caused by NameResolutionError("HTTPSConnection(host='apiv2.nobitex.ir', port=443): Failed to resolve 'apiv2.nobitex.ir' ([Errno 11001] getaddrinfo failed)"))
2026-07-12 00:37:04,400 - ERROR - ⚠️ خطا در پردازش BASED/USDT: HTTPSConnectionPool(host='apiv2.nobitex.ir', port=443): Max retries exceeded with url: /market/udf/history?symbol=BASEDUSDT&resolution=60&from=1782724024&to=1783804024 (Caused by NameResolutionError("HTTPSConnection(host='apiv2.nobitex.ir', port=443): Failed to resolve 'apiv2.nobitex.ir' ([Errno 11001] getaddrinfo failed)"))
2026-07-12 00:37:04,401 - ERROR - ⚠️ خطا در پردازش ONE/USDT: HTTPSConnectionPool(host='apiv2.nobitex.ir', port=443): Max retries exceeded with url: /market/udf/history?symbol=ONEUSDT&resolution=60&from=1782724024&to=1783804024 (Caused by NameResolutionError("HTTPSConnection(host='apiv2.nobitex.ir', port=443): Failed to resolve 'apiv2.nobitex.ir' ([Errno 11001] getaddrinfo failed)"))
2026-07-12 00:37:04,402 - ERROR - ⚠️ خطا در پردازش BICO/USDT: HTTPSConnectionPool(host='apiv2.nobitex.ir', port=443): Max retries exceeded with url: /market/udf/history?symbol=BICOUSDT&resolution=60&from=1782724024&to=1783804024 (Caused by NameResolutionError("HTTPSConnection(host='apiv2.nobitex.ir', port=443): Failed to resolve 'apiv2.nobitex.ir' ([Errno 11001] getaddrinfo failed)"))
2026-07-12 00:42:04,403 - INFO - 🔄 در حال به‌روزرسانی اطلاعات عمومی از نوبیتکس (قیمت تتر و موجودی)...
2026-07-12 00:42:05,130 - INFO - 📊 کارنامه عملکرد مالی | موجودی فعلی: 20,934 تومان | حداکثر افت حساب: 0.00%
2026-07-12 00:42:09,239 - ERROR - ⚠️ خطا در پردازش ETH/USDT: name 'send_beautiful_email' is not defined
2026-07-12 00:42:10,360 - ERROR - ⚠️ خطا در پردازش SOL/USDT: name 'send_beautiful_email' is not defined
2026-07-12 00:42:12,237 - ERROR - ⚠️ خطا در پردازش AVAX/USDT: name 'send_beautiful_email' is not defined
2026-07-12 00:42:13,303 - ERROR - ⚠️ خطا در پردازش NEAR/USDT: name 'send_beautiful_email' is not defined
2026-07-12 00:42:15,303 - ERROR - ⚠️ خطا در پردازش TRX/USDT: name 'send_beautiful_email' is not defined
2026-07-12 00:42:16,500 - ERROR - ⚠️ خطا در پردازش XRP/USDT: name 'send_beautiful_email' is not defined
2026-07-12 00:42:20,542 - ERROR - ⚠️ خطا در پردازش ADA/USDT: name 'send_beautiful_email' is not defined
2026-07-12 00:42:21,650 - ERROR - ⚠️ خطا در پردازش DOGE/USDT: name 'send_beautiful_email' is not defined
2026-07-12 00:42:22,839 - ERROR - ⚠️ خطا در پردازش LINK/USDT: name 'send_beautiful_email' is not defined
2026-07-12 00:42:23,888 - ERROR - ⚠️ خطا در پردازش UNI/USDT: name 'send_beautiful_email' is not defined
2026-07-12 00:42:24,943 - ERROR - ⚠️ خطا در پردازش LTC/USDT: name 'send_beautiful_email' is not defined
2026-07-12 00:42:26,307 - ERROR - ⚠️ خطا در پردازش BCH/USDT: name 'send_beautiful_email' is not defined
2026-07-12 00:42:27,709 - ERROR - ⚠️ خطا در پردازش POL/USDT: name 'send_beautiful_email' is not defined
2026-07-12 00:42:28,841 - ERROR - ⚠️ خطا در پردازش ALGO/USDT: name 'send_beautiful_email' is not defined
2026-07-12 00:42:30,009 - ERROR - ⚠️ خطا در پردازش XLM/USDT: name 'send_beautiful_email' is not defined
2026-07-12 00:42:32,475 - ERROR - ⚠️ خطا در پردازش GRT/USDT: name 'send_beautiful_email' is not defined
2026-07-12 00:42:33,876 - ERROR - ⚠️ خطا در پردازش ANKR/USDT: name 'send_beautiful_email' is not defined
2026-07-12 00:42:39,394 - ERROR - ⚠️ خطا در پردازش RENDER/USDT: name 'send_beautiful_email' is not defined
2026-07-12 00:42:40,487 - ERROR - ⚠️ خطا در پردازش APE/USDT: name 'send_beautiful_email' is not defined
2026-07-12 00:42:42,636 - ERROR - ⚠️ خطا در پردازش BASED/USDT: name 'send_beautiful_email' is not defined
2026-07-12 00:42:44,060 - ERROR - ⚠️ خطا در پردازش ONE/USDT: name 'send_beautiful_email' is not defined
2026-07-12 00:42:45,143 - ERROR - ⚠️ خطا در پردازش BICO/USDT: name 'send_beautiful_email' is not defined
